ASxxxx Linker V03.00 + NoICE + sdld,  page 1.
Hexadecimal  [32-Bits]

Area                       Addr        Size        Decimal Bytes (Attributes)
--------------------       ----        ----        ------- ----- ------------
.  .ABS.               00000000    00000000 =           0. bytes (ABS,CON)

        Value  Global            Value  Global            Value  Global    
        -----  ------            -----  ------            -----  ------    
     00000000  .__.ABS.  |    00000000  __divulon |    00000000  __modulon
     00000000  _strlen   |    00000000  l__BSEG   |    00000000  l__BSS   
     00000000  l__CABS   |    00000000  l__DABS   |    00000000  l__HEAP  
     00000000  l__HOME   |    00000000  l__INITIA |    00000000  l__INITIA
     00000000  s__CABS   |    00000000  s__CODE   |    00000000  s__DABS  
     00000001  l__DATA   |    00000001  l__GSFINA |    00000004  l__GSINIT
     00000EB0  l__CODE   |    00000EB0  s__GSINIT |    00000EB0  s__HOME  
     00000EB4  s__GSFINA |    00008000  s__DATA   |    00008001  s__BSEG  
     00008001  s__BSS    |    00008001  s__HEAP   |    00008001  s__INITIA
     00008001  s__INITIA
ASxxxx Linker V03.00 + NoICE + sdld,  page 2.
Hexadecimal  [32-Bits]

Area                       Addr        Size        Decimal Bytes (Attributes)
--------------------       ----        ----        ------- ----- ------------
_CODE                  00000000    00000EB0 =        3760. bytes (REL,CON)

        Value  Global            Value  Global            Value  Global    
        -----  ------            -----  ------            -----  ------    
     00000000  loc0      |    00000100  ___init__ |    00000124  _exit    
     00000130  Ytab      |    00000151  Init_from |    0000015E  _old_P10 
     000001CF  _check_P1 |    00000219  _putstr   |    00000250  _numout  
     000002A0  _check_ct |    000002B0  _main     |    00000336  _str     
     00000356  _qbf      |    00000384  _ptype    |    000003DA  _cprintf 
     00000A08  _nstring  |    00000A19  _wait     |    00000A23  _delay1cs
     00000A3E  _delay1ms |    00000A41  _delay512 |    00000A44  _delay256
     00000A47  _delay128 |    00000A4A  _delay64  |    00000A4D  _delay32 
     00000A50  _delay16  |    00000A53  _delay8   |    00000A57  _delay2  
     00000A58  _Yputchar |    00000A6A  _Qstatus  |    00000A78  _Ygetchar
     00000A84  _lite_on  |    00000A89  _lite_off |    00000A8E  _outp    
     00000A97  _inp      |    00000AA1  _cpu_type |    00000ABE  _echotest
     00000B85  _RTC_dev  |    00000BC9  _rtc_set_ |    00000BEA  _rtc_get_
     00000C0C  _get_nvra |    00000C33  _put_nvra |    00000C5C  _get_cloc
     00000C83  _put_cloc |    00000CF6  _nvValue  |    00000D16  _nvBits  
     00000D36  _nvtest  
ASxxxx Linker V03.00 + NoICE + sdld,  page 3.
Hexadecimal  [32-Bits]

Area                       Addr        Size        Decimal Bytes (Attributes)
--------------------       ----        ----        ------- ----- ------------
_GSINIT                00000EB0    00000004 =           4. bytes (REL,CON)

        Value  Global            Value  Global            Value  Global    
        -----  ------            -----  ------            -----  ------    
     00000EB0  gsinit   
ASxxxx Linker V03.00 + NoICE + sdld,  page 4.
Hexadecimal  [32-Bits]

Area                       Addr        Size        Decimal Bytes (Attributes)
--------------------       ----        ----        ------- ----- ------------
_GSFINAL               00000EB4    00000001 =           1. bytes (REL,CON)

        Value  Global            Value  Global            Value  Global    
        -----  ------            -----  ------            -----  ------    
ASxxxx Linker V03.00 + NoICE + sdld,  page 5.
Hexadecimal  [32-Bits]

Area                       Addr        Size        Decimal Bytes (Attributes)
--------------------       ----        ----        ------- ----- ------------
_DATA                  00008000    00000001 =           1. bytes (REL,CON)

        Value  Global            Value  Global            Value  Global    
        -----  ------            -----  ------            -----  ------    
     00008000  _cputype 
ASxxxx Linker V03.00 + NoICE + sdld,  page 6.

Files Linked                              [ module(s) ]

ycrt0.rel                                 [ ycrt0 ]
test0.rel                                 [ test0 ]
cprintf.rel                               [ cprintf ]
delay.rel                                 [ delay ]
sio0.rel                                  [ sio0 ]
literhyo.rel                              [ literhyo ]
io.rel                                    [  ]
cpu.rel                                   [ cpu ]
echo.rel                                  [ echo ]
clk-cal.rel                               [ clk_cal ]
nvtest.rel                                [ nvtest ]

ASxxxx Linker V03.00 + NoICE + sdld,  page 7.

User Base Address Definitions

_CODE = 0x0000
_DATA = 0x8000


?ASlink-Warning-Undefined Global '__modulong' referenced by module 'cprintf'

?ASlink-Warning-Undefined Global '__divulong' referenced by module 'cprintf'

?ASlink-Warning-Undefined Global '_strlen' referenced by module 'cprintf'
